Traceback (most recent call last):
  File "C:\arakkunnam-99\model_quantization\scripts\quantize_int8.py", line 16, in <module>
    main()
    ~~~~^^
  File "C:\arakkunnam-99\model_quantization\scripts\quantize_int8.py", line 13, in main
    quantize_model_int8(cfg)
    ~~~~~~~~~~~~~~~~~~~^^^^^
  File "c:\arakkunnam-99\model_quantization\src\quant_utils.py", line 71, in quantize_model_int8
    quantized_model = quantize(
        model,
        calibration_dataset,
        subset_size=sample_size
    )
  File "C:\arakkunnam-99\model_quantization\.venv\Lib\site-packages\nncf\telemetry\decorator.py", line 81, in wrapped
    retval = fn(*args, **kwargs)
  File "C:\arakkunnam-99\model_quantization\.venv\Lib\site-packages\nncf\quantization\quantize_model.py", line 183, in quantize
    advanced_parameters = _update_advanced_quantization_parameters(advanced_parameters, calibration_dataset)
  File "C:\arakkunnam-99\model_quantization\.venv\Lib\site-packages\nncf\quantization\quantize_model.py", line 111, in _update_advanced_quantization_parameters
    batch_size = calibration_dataset.get_batch_size()
                 ^^^^^^^^^^^^^^^^^^^^^^^^^^^^^^^^^^
AttributeError: 'generator' object has no attribute 'get_batch_size'
